// Jest Snapshot v1, https://goo.gl/fbAQLP

exports[`Button.vue render element properly (judge by snapshot) 1`] = `
<button
  class="my-button btn-type-primary btn-size-medium btn-shape-round"
  type="button"
/>
`;
